ets Jul 29 2019 12:21:46
rst:0x1 (POWERON_RESET),boot:0x13 (SPI_FAST_FLASH_BOOT)
configsip: 0, SPIWP:0xee
clk_drv:0x00,q_drv:0x00,d_drv:0x00,cs0_drv:0x00,hd_drv:0x00,wp_drv:0x00
mode:DIO, clock div:2
load:0x3fff0030,len:4640
load:0x40078000,len:15660
load:0x40080400,len:3164
entry 0x4008059c
BEGIN,roo_proto
META,chip=ESP32-D0WD-V3,revision=301,cpu_mhz=240,arduino=3.3.7,idf=v5.5.2-729-g87912cd291,compiler=14.2.0,rounds=9,target_batch_us=40000,core=1,opt=Os,lto=off,buffer_only=1,utf8=1,cplusplus=201703,exceptions=0,rtti=0
COLUMNS,backend,case,operation,wire_bytes,object_bytes,iterations,median_us,min_us,max_us,wire_fnv1a
BATCH,roo_proto,sample,encode,1,8192,41115
BATCH,roo_proto,sample,encode,2,8192,41115
BATCH,roo_proto,sample,encode,3,8192,41115
BATCH,roo_proto,sample,encode,4,8192,41115
BATCH,roo_proto,sample,encode,5,8192,41115
BATCH,roo_proto,sample,encode,6,8192,41115
BATCH,roo_proto,sample,encode,7,8192,41115
BATCH,roo_proto,sample,encode,8,8192,41115
BATCH,roo_proto,sample,encode,9,8192,41115
RESULT,roo_proto,sample,encode,16,16,8192,5.0189,5.0189,5.0189,0e71e6e7
BATCH,roo_proto,sample,decode,1,8192,44161
BATCH,roo_proto,sample,decode,2,8192,44161
BATCH,roo_proto,sample,decode,3,8192,44161
BATCH,roo_proto,sample,decode,4,8192,44161
BATCH,roo_proto,sample,decode,5,8192,44161
BATCH,roo_proto,sample,decode,6,8192,44161
BATCH,roo_proto,sample,decode,7,8192,44161
BATCH,roo_proto,sample,decode,8,8192,44161
BATCH,roo_proto,sample,decode,9,8192,44161
RESULT,roo_proto,sample,decode,16,16,8192,5.3907,5.3907,5.3907,0e71e6e7
BATCH,roo_proto,flat_scalars,encode,1,4096,51328
BATCH,roo_proto,flat_scalars,encode,2,4096,51328
BATCH,roo_proto,flat_scalars,encode,3,4096,51328
BATCH,roo_proto,flat_scalars,encode,4,4096,51328
BATCH,roo_proto,flat_scalars,encode,5,4096,51328
BATCH,roo_proto,flat_scalars,encode,6,4096,51328
BATCH,roo_proto,flat_scalars,encode,7,4096,51328
BATCH,roo_proto,flat_scalars,encode,8,4096,51328
BATCH,roo_proto,flat_scalars,encode,9,4096,51328
RESULT,roo_proto,flat_scalars,encode,52,56,4096,12.5312,12.5312,12.5312,4030488a
BATCH,roo_proto,flat_scalars,decode,1,4096,57769
BATCH,roo_proto,flat_scalars,decode,2,4096,57769
BATCH,roo_proto,flat_scalars,decode,3,4096,57769
BATCH,roo_proto,flat_scalars,decode,4,4096,57769
BATCH,roo_proto,flat_scalars,decode,5,4096,57769
BATCH,roo_proto,flat_scalars,decode,6,4096,57769
BATCH,roo_proto,flat_scalars,decode,7,4096,57769
BATCH,roo_proto,flat_scalars,decode,8,4096,57769
BATCH,roo_proto,flat_scalars,decode,9,4096,57769
RESULT,roo_proto,flat_scalars,decode,52,56,4096,14.1038,14.1038,14.1038,4030488a
BATCH,roo_proto,telemetry,encode,1,1024,72452
BATCH,roo_proto,telemetry,encode,2,1024,72452
BATCH,roo_proto,telemetry,encode,3,1024,72452
BATCH,roo_proto,telemetry,encode,4,1024,72452
BATCH,roo_proto,telemetry,encode,5,1024,72452
BATCH,roo_proto,telemetry,encode,6,1024,72452
BATCH,roo_proto,telemetry,encode,7,1024,72452
BATCH,roo_proto,telemetry,encode,8,1024,72452
BATCH,roo_proto,telemetry,encode,9,1024,72452
RESULT,roo_proto,telemetry,encode,347,464,1024,70.7539,70.7539,70.7539,7d64bf48
BATCH,roo_proto,telemetry,decode,1,1024,70930
BATCH,roo_proto,telemetry,decode,2,1024,70930
BATCH,roo_proto,telemetry,decode,3,1024,70930
BATCH,roo_proto,telemetry,decode,4,1024,70930
BATCH,roo_proto,telemetry,decode,5,1024,70930
BATCH,roo_proto,telemetry,decode,6,1024,70930
BATCH,roo_proto,telemetry,decode,7,1024,70930
BATCH,roo_proto,telemetry,decode,8,1024,70930
BATCH,roo_proto,telemetry,decode,9,1024,70930
RESULT,roo_proto,telemetry,decode,347,464,1024,69.2676,69.2676,69.2676,7d64bf48
BATCH,roo_proto,wide_tree,encode,1,256,49056
BATCH,roo_proto,wide_tree,encode,2,256,49056
BATCH,roo_proto,wide_tree,encode,3,256,49056
BATCH,roo_proto,wide_tree,encode,4,256,49056
BATCH,roo_proto,wide_tree,encode,5,256,49056
BATCH,roo_proto,wide_tree,encode,6,256,49056
BATCH,roo_proto,wide_tree,encode,7,256,49056
BATCH,roo_proto,wide_tree,encode,8,256,49056
BATCH,roo_proto,wide_tree,encode,9,256,49056
RESULT,roo_proto,wide_tree,encode,643,656,256,191.6250,191.6250,191.6250,354c0cbb
BATCH,roo_proto,wide_tree,decode,1,256,64461
BATCH,roo_proto,wide_tree,decode,2,256,64461
BATCH,roo_proto,wide_tree,decode,3,256,64461
BATCH,roo_proto,wide_tree,decode,4,256,64461
BATCH,roo_proto,wide_tree,decode,5,256,64461
BATCH,roo_proto,wide_tree,decode,6,256,64461
BATCH,roo_proto,wide_tree,decode,7,256,64461
BATCH,roo_proto,wide_tree,decode,8,256,64461
BATCH,roo_proto,wide_tree,decode,9,256,64461
RESULT,roo_proto,wide_tree,decode,643,656,256,251.8008,251.8008,251.8008,354c0cbb
BATCH,roo_proto,chain_1,encode,1,8192,60346
BATCH,roo_proto,chain_1,encode,2,8192,60346
BATCH,roo_proto,chain_1,encode,3,8192,60346
BATCH,roo_proto,chain_1,encode,4,8192,60346
BATCH,roo_proto,chain_1,encode,5,8192,60346
BATCH,roo_proto,chain_1,encode,6,8192,60346
BATCH,roo_proto,chain_1,encode,7,8192,60346
BATCH,roo_proto,chain_1,encode,8,8192,60346
BATCH,roo_proto,chain_1,encode,9,8192,60346
RESULT,roo_proto,chain_1,encode,20,32,8192,7.3665,7.3665,7.3665,1d187e32
BATCH,roo_proto,chain_1,decode,1,8192,69716
BATCH,roo_proto,chain_1,decode,2,8192,69716
BATCH,roo_proto,chain_1,decode,3,8192,69716
BATCH,roo_proto,chain_1,decode,4,8192,69716
BATCH,roo_proto,chain_1,decode,5,8192,69716
BATCH,roo_proto,chain_1,decode,6,8192,69716
BATCH,roo_proto,chain_1,decode,7,8192,69716
BATCH,roo_proto,chain_1,decode,8,8192,69716
BATCH,roo_proto,chain_1,decode,9,8192,69716
RESULT,roo_proto,chain_1,decode,20,32,8192,8.5103,8.5103,8.5103,1d187e32
BATCH,roo_proto,chain_4,encode,1,4096,51119
BATCH,roo_proto,chain_4,encode,2,4096,51119
BATCH,roo_proto,chain_4,encode,3,4096,51119
BATCH,roo_proto,chain_4,encode,4,4096,51119
BATCH,roo_proto,chain_4,encode,5,4096,51119
BATCH,roo_proto,chain_4,encode,6,4096,51119
BATCH,roo_proto,chain_4,encode,7,4096,51119
BATCH,roo_proto,chain_4,encode,8,4096,51119
BATCH,roo_proto,chain_4,encode,9,4096,51119
RESULT,roo_proto,chain_4,encode,32,80,4096,12.4802,12.4802,12.4802,4284c5db
BATCH,roo_proto,chain_4,decode,1,4096,70623
BATCH,roo_proto,chain_4,decode,2,4096,70623
BATCH,roo_proto,chain_4,decode,3,4096,70623
BATCH,roo_proto,chain_4,decode,4,4096,70623
BATCH,roo_proto,chain_4,decode,5,4096,70623
BATCH,roo_proto,chain_4,decode,6,4096,70623
BATCH,roo_proto,chain_4,decode,7,4096,70623
BATCH,roo_proto,chain_4,decode,8,4096,70623
BATCH,roo_proto,chain_4,decode,9,4096,70623
RESULT,roo_proto,chain_4,decode,32,80,4096,17.2419,17.2419,17.2419,4284c5db
BATCH,roo_proto,chain_8,encode,1,4096,78766
BATCH,roo_proto,chain_8,encode,2,4096,78766
BATCH,roo_proto,chain_8,encode,3,4096,78766
BATCH,roo_proto,chain_8,encode,4,4096,78766
BATCH,roo_proto,chain_8,encode,5,4096,78766
BATCH,roo_proto,chain_8,encode,6,4096,78766
BATCH,roo_proto,chain_8,encode,7,4096,78766
BATCH,roo_proto,chain_8,encode,8,4096,78766
BATCH,roo_proto,chain_8,encode,9,4096,78766
RESULT,roo_proto,chain_8,encode,48,144,4096,19.2300,19.2300,19.2300,fe2be308
BATCH,roo_proto,chain_8,decode,1,2048,59010
BATCH,roo_proto,chain_8,decode,2,2048,59010
BATCH,roo_proto,chain_8,decode,3,2048,59010
BATCH,roo_proto,chain_8,decode,4,2048,59010
BATCH,roo_proto,chain_8,decode,5,2048,59010
BATCH,roo_proto,chain_8,decode,6,2048,59010
BATCH,roo_proto,chain_8,decode,7,2048,59010
BATCH,roo_proto,chain_8,decode,8,2048,59010
BATCH,roo_proto,chain_8,decode,9,2048,59010
RESULT,roo_proto,chain_8,decode,48,144,2048,28.8135,28.8135,28.8135,fe2be308
BATCH,roo_proto,chain_16,encode,1,2048,66144
BATCH,roo_proto,chain_16,encode,2,2048,66144
BATCH,roo_proto,chain_16,encode,3,2048,66144
BATCH,roo_proto,chain_16,encode,4,2048,66144
BATCH,roo_proto,chain_16,encode,5,2048,66144
BATCH,roo_proto,chain_16,encode,6,2048,66144
BATCH,roo_proto,chain_16,encode,7,2048,66144
BATCH,roo_proto,chain_16,encode,8,2048,66144
BATCH,roo_proto,chain_16,encode,9,2048,66144
RESULT,roo_proto,chain_16,encode,80,272,2048,32.2969,32.2969,32.2969,33a92b08
BATCH,roo_proto,chain_16,decode,1,1024,53240
BATCH,roo_proto,chain_16,decode,2,1024,53240
BATCH,roo_proto,chain_16,decode,3,1024,53240
BATCH,roo_proto,chain_16,decode,4,1024,53240
BATCH,roo_proto,chain_16,decode,5,1024,53240
BATCH,roo_proto,chain_16,decode,6,1024,53240
BATCH,roo_proto,chain_16,decode,7,1024,53240
BATCH,roo_proto,chain_16,decode,8,1024,53240
BATCH,roo_proto,chain_16,decode,9,1024,53240
RESULT,roo_proto,chain_16,decode,80,272,1024,51.9922,51.9922,51.9922,33a92b08
END,roo_proto,checksum=31486035,stack_free_bytes=28836
BEGIN,roo_proto
META,chip=ESP32-D0WD-V3,revision=301,cpu_mhz=240,arduino=3.3.7,idf=v5.5.2-729-g87912cd291,compiler=14.2.0,rounds=9,target_batch_us=40000,core=1,opt=Os,lto=off,buffer_only=1,utf8=1,cplusplus=201703,exceptions=0,rtti=0
COLUMNS,backend,case,operation,wire_bytes,object_bytes,iterations,median_us,min_us,max_us,wire_fnv1a
BATCH,roo_proto,sample,encode,1,8192,41115
BATCH,roo_proto,sample,encode,2,8192,41115
BATCH,roo_proto,sample,encode,3,8192,41115
BATCH,roo_proto,sample,encode,4,8192,41115
BATCH,roo_proto,sample,encode,5,8192,41115
BATCH,roo_proto,sample,encode,6,8192,41115
BATCH,roo_proto,sample,encode,7,8192,41115
BATCH,roo_proto,sample,encode,8,8192,41115
BATCH,roo_proto,sample,encode,9,8192,41115
RESULT,roo_proto,sample,encode,16,16,8192,5.0189,5.0189,5.0189,0e71e6e7
BATCH,roo_proto,sample,decode,1,8192,44161
BATCH,roo_proto,sample,decode,2,8192,44161
BATCH,roo_proto,sample,decode,3,8192,44161
BATCH,roo_proto,sample,decode,4,8192,44161
BATCH,roo_proto,sample,decode,5,8192,44161
BATCH,roo_proto,sample,decode,6,8192,44161
BATCH,roo_proto,sample,decode,7,8192,44161
BATCH,roo_proto,sample,decode,8,8192,44161
BATCH,roo_proto,sample,decode,9,8192,44161
RESULT,roo_proto,sample,decode,16,16,8192,5.3907,5.3907,5.3907,0e71e6e7
BATCH,roo_proto,flat_scalars,encode,1,4096,51328
BATCH,roo_proto,flat_scalars,encode,2,4096,51328
BATCH,roo_proto,flat_scalars,encode,3,4096,51328
BATCH,roo_proto,flat_scalars,encode,4,4096,51328
BATCH,roo_proto,flat_scalars,encode,5,4096,51328
BATCH,roo_proto,flat_scalars,encode,6,4096,51328
BATCH,roo_proto,flat_scalars,encode,7,4096,51328
BATCH,roo_proto,flat_scalars,encode,8,4096,51328
BATCH,roo_proto,flat_scalars,encode,9,4096,51328
RESULT,roo_proto,flat_scalars,encode,52,56,4096,12.5312,12.5312,12.5312,4030488a
BATCH,roo_proto,flat_scalars,decode,1,4096,57769
BATCH,roo_proto,flat_scalars,decode,2,4096,57769
BATCH,roo_proto,flat_scalars,decode,3,4096,57769
BATCH,roo_proto,flat_scalars,decode,4,4096,57769
BATCH,roo_proto,flat_scalars,decode,5,4096,57769
BATCH,roo_proto,flat_scalars,decode,6,4096,57769
BATCH,roo_proto,flat_scalars,decode,7,4096,57769
BATCH,roo_proto,flat_scalars,decode,8,4096,57769
BATCH,roo_proto,flat_scalars,decode,9,4096,57769
RESULT,roo_proto,flat_scalars,decode,52,56,4096,14.1038,14.1038,14.1038,4030488a
BATCH,roo_proto,telemetry,encode,1,1024,72452
BATCH,roo_proto,telemetry,encode,2,1024,72452
BATCH,roo_proto,telemetry,encode,3,1024,72452
BATCH,roo_proto,telemetry,encode,4,1024,72452
BATCH,roo_proto,telemetry,encode,5,1024,72452
BATCH,roo_proto,telemetry,encode,6,1024,72452
BATCH,roo_proto,telemetry,encode,7,1024,72452
BATCH,roo_proto,telemetry,encode,8,1024,72452
BATCH,roo_proto,telemetry,encode,9,1024,72452
RESULT,roo_proto,telemetry,encode,347,464,1024,70.7539,70.7539,70.7539,7d64bf48
BATCH,roo_proto,telemetry,decode,1,1024,70930
BATCH,roo_proto,telemetry,decode,2,1024,70930
BATCH,roo_proto,telemetry,decode,3,1024,70930
BATCH,roo_proto,telemetry,decode,4,1024,70930
BATCH,roo_proto,telemetry,decode,5,1024,70930
BATCH,roo_proto,telemetry,decode,6,1024,70930
BATCH,roo_proto,telemetry,decode,7,1024,70930
BATCH,roo_proto,telemetry,decode,8,1024,70930
BATCH,roo_proto,telemetry,decode,9,1024,70930
RESULT,roo_proto,telemetry,decode,347,464,1024,69.2676,69.2676,69.2676,7d64bf48
BATCH,roo_proto,wide_tree,encode,1,256,49056
BATCH,roo_proto,wide_tree,encode,2,256,49056
BATCH,roo_proto,wide_tree,encode,3,256,49056
BATCH,roo_proto,wide_tree,encode,4,256,49056
BATCH,roo_proto,wide_tree,encode,5,256,49056
BATCH,roo_proto,wide_tree,encode,6,256,49056
BATCH,roo_proto,wide_tree,encode,7,256,49056
BATCH,roo_proto,wide_tree,encode,8,256,49056
BATCH,roo_proto,wide_tree,encode,9,256,49056
RESULT,roo_proto,wide_tree,encode,643,656,256,191.6250,191.6250,191.6250,354c0cbb
BATCH,roo_proto,wide_tree,decode,1,256,64461
BATCH,roo_proto,wide_tree,decode,2,256,64461
BATCH,roo_proto,wide_tree,decode,3,256,64461
BATCH,roo_proto,wide_tree,decode,4,256,64461
BATCH,roo_proto,wide_tree,decode,5,256,64461
BATCH,roo_proto,wide_tree,decode,6,256,64461
BATCH,roo_proto,wide_tree,decode,7,256,64461
BATCH,roo_proto,wide_tree,decode,8,256,64461
BATCH,roo_proto,wide_tree,decode,9,256,64461
RESULT,roo_proto,wide_tree,decode,643,656,256,251.8008,251.8008,251.8008,354c0cbb
BATCH,roo_proto,chain_1,encode,1,8192,60346
BATCH,roo_proto,chain_1,encode,2,8192,60346
BATCH,roo_proto,chain_1,encode,3,8192,60346
BATCH,roo_proto,chain_1,encode,4,8192,60346
BATCH,roo_proto,chain_1,encode,5,8192,60346
BATCH,roo_proto,chain_1,encode,6,8192,60346
BATCH,roo_proto,chain_1,encode,7,8192,60346
BATCH,roo_proto,chain_1,encode,8,8192,60346
BATCH,roo_proto,chain_1,encode,9,8192,60346
RESULT,roo_proto,chain_1,encode,20,32,8192,7.3665,7.3665,7.3665,1d187e32
BATCH,roo_proto,chain_1,decode,1,8192,69716
BATCH,roo_proto,chain_1,decode,2,8192,69716
BATCH,roo_proto,chain_1,decode,3,8192,69716
BATCH,roo_proto,chain_1,decode,4,8192,69716
BATCH,roo_proto,chain_1,decode,5,8192,69716
BATCH,roo_proto,chain_1,decode,6,8192,69716
BATCH,roo_proto,chain_1,decode,7,8192,69716
BATCH,roo_proto,chain_1,decode,8,8192,69716
BATCH,roo_proto,chain_1,decode,9,8192,69716
RESULT,roo_proto,chain_1,decode,20,32,8192,8.5103,8.5103,8.5103,1d187e32
BATCH,roo_proto,chain_4,encode,1,4096,51119
BATCH,roo_proto,chain_4,encode,2,4096,51119
BATCH,roo_proto,chain_4,encode,3,4096,51119
BATCH,roo_proto,chain_4,encode,4,4096,51119
BATCH,roo_proto,chain_4,encode,5,4096,51119
BATCH,roo_proto,chain_4,encode,6,4096,51119
BATCH,roo_proto,chain_4,encode,7,4096,51119
BATCH,roo_proto,chain_4,encode,8,4096,51119
BATCH,roo_proto,chain_4,encode,9,4096,51119
RESULT,roo_proto,chain_4,encode,32,80,4096,12.4802,12.4802,12.4802,4284c5db
BATCH,roo_proto,chain_4,decode,1,4096,70623
BATCH,roo_proto,chain_4,decode,2,4096,70623
BATCH,roo_proto,chain_4,decode,3,4096,70623
BATCH,roo_proto,chain_4,decode,4,4096,70623
BATCH,roo_proto,chain_4,decode,5,4096,70623
BATCH,roo_proto,chain_4,decode,6,4096,70623
BATCH,roo_proto,chain_4,decode,7,4096,70623
BATCH,roo_proto,chain_4,decode,8,4096,70623
BATCH,roo_proto,chain_4,decode,9,4096,70623
RESULT,roo_proto,chain_4,decode,32,80,4096,17.2419,17.2419,17.2419,4284c5db
BATCH,roo_proto,chain_8,encode,1,4096,78766
BATCH,roo_proto,chain_8,encode,2,4096,78766
BATCH,roo_proto,chain_8,encode,3,4096,78766
BATCH,roo_proto,chain_8,encode,4,4096,78766
BATCH,roo_proto,chain_8,encode,5,4096,78766
BATCH,roo_proto,chain_8,encode,6,4096,78766
BATCH,roo_proto,chain_8,encode,7,4096,78766
BATCH,roo_proto,chain_8,encode,8,4096,78766
BATCH,roo_proto,chain_8,encode,9,4096,78766
RESULT,roo_proto,chain_8,encode,48,144,4096,19.2300,19.2300,19.2300,fe2be308
BATCH,roo_proto,chain_8,decode,1,2048,59010
BATCH,roo_proto,chain_8,decode,2,2048,59010
BATCH,roo_proto,chain_8,decode,3,2048,59010
BATCH,roo_proto,chain_8,decode,4,2048,59010
BATCH,roo_proto,chain_8,decode,5,2048,59010
BATCH,roo_proto,chain_8,decode,6,2048,59010
BATCH,roo_proto,chain_8,decode,7,2048,59010
BATCH,roo_proto,chain_8,decode,8,2048,59010
BATCH,roo_proto,chain_8,decode,9,2048,59010
RESULT,roo_proto,chain_8,decode,48,144,2048,28.8135,28.8135,28.8135,fe2be308
BATCH,roo_proto,chain_16,encode,1,2048,66144
BATCH,roo_proto,chain_16,encode,2,2048,66144
BATCH,roo_proto,chain_16,encode,3,2048,66144
BATCH,roo_proto,chain_16,encode,4,2048,66144
BATCH,roo_proto,chain_16,encode,5,2048,66144
BATCH,roo_proto,chain_16,encode,6,2048,66144
BATCH,roo_proto,chain_16,encode,7,2048,66144
BATCH,roo_proto,chain_16,encode,8,2048,66144
BATCH,roo_proto,chain_16,encode,9,2048,66144
RESULT,roo_proto,chain_16,encode,80,272,2048,32.2969,32.2969,32.2969,33a92b08
BATCH,roo_proto,chain_16,decode,1,1024,53240
BATCH,roo_proto,chain_16,decode,2,1024,53240
BATCH,roo_proto,chain_16,decode,3,1024,53240
BATCH,roo_proto,chain_16,decode,4,1024,53240
BATCH,roo_proto,chain_16,decode,5,1024,53240
BATCH,roo_proto,chain_16,decode,6,1024,53240
BATCH,roo_proto,chain_16,decode,7,1024,53240
BATCH,roo_proto,chain_16,decode,8,1024,53240
BATCH,roo_proto,chain_16,decode,9,1024,53240
RESULT,roo_proto,chain_16,decode,80,272,1024,51.9922,51.9922,51.9922,33a92b08
END,roo_proto,checksum=62972070,stack_free_bytes=28620
BEGIN,roo_proto
META,chip=ESP32-D0WD-V3,revision=301,cpu_mhz=240,arduino=3.3.7,idf=v5.5.2-729-g87912cd291,compiler=14.2.0,rounds=9,target_batch_us=40000,core=1,opt=Os,lto=off,buffer_only=1,utf8=1,cplusplus=201703,exceptions=0,rtti=0
COLUMNS,backend,case,operation,wire_bytes,object_bytes,iterations,median_us,min_us,max_us,wire_fnv1a
BATCH,roo_proto,sample,encode,1,8192,41115
BATCH,roo_proto,sample,encode,2,8192,41115
BATCH,roo_proto,sample,encode,3,8192,41115
BATCH,roo_proto,sample,encode,4,8192,41115
BATCH,roo_proto,sample,encode,5,8192,41115
BATCH,roo_proto,sample,encode,6,8192,41115
BATCH,roo_proto,sample,encode,7,8192,41115
BATCH,roo_proto,sample,encode,8,8192,41115
BATCH,roo_proto,sample,encode,9,8192,41115
RESULT,roo_proto,sample,encode,16,16,8192,5.0189,5.0189,5.0189,0e71e6e7
BATCH,roo_proto,sample,decode,1,8192,44161
BATCH,roo_proto,sample,decode,2,8192,44161
BATCH,roo_proto,sample,decode,3,8192,44161
BATCH,roo_proto,sample,decode,4,8192,44161
BATCH,roo_proto,sample,decode,5,8192,44161
BATCH,roo_proto,sample,decode,6,8192,44161
BATCH,roo_proto,sample,decode,7,8192,44161
BATCH,roo_proto,sample,decode,8,8192,44161
BATCH,roo_proto,sample,decode,9,8192,44161
RESULT,roo_proto,sample,decode,16,16,8192,5.3907,5.3907,5.3907,0e71e6e7
BATCH,roo_proto,flat_scalars,encode,1,4096,51328
BATCH,roo_proto,flat_scalars,encode,2,4096,51328
BATCH,roo_proto,flat_scalars,encode,3,4096,51328
BATCH,roo_proto,flat_scalars,encode,4,4096,51328
BATCH,roo_proto,flat_scalars,encode,5,4096,51328
BATCH,roo_proto,flat_scalars,encode,6,4096,51328
BATCH,roo_proto,flat_scalars,encode,7,4096,51328
BATCH,roo_proto,flat_scalars,encode,8,4096,51328
BATCH,roo_proto,flat_scalars,encode,9,4096,51328
RESULT,roo_proto,flat_scalars,encode,52,56,4096,12.5312,12.5312,12.5312,4030488a
BATCH,roo_proto,flat_scalars,decode,1,4096,57769
BATCH,roo_proto,flat_scalars,decode,2,4096,57769
BATCH,roo_proto,flat_scalars,decode,3,4096,57769
BATCH,roo_proto,flat_scalars,decode,4,4096,57769
BATCH,roo_proto,flat_scalars,decode,5,4096,57769
BATCH,roo_proto,flat_scalars,decode,6,4096,57769
BATCH,roo_proto,flat_scalars,decode,7,4096,57769
BATCH,roo_proto,flat_scalars,decode,8,4096,57769
BATCH,roo_proto,flat_scalars,decode,9,4096,57769
RESULT,roo_proto,flat_scalars,decode,52,56,4096,14.1038,14.1038,14.1038,4030488a
BATCH,roo_proto,telemetry,encode,1,1024,72452
BATCH,roo_proto,telemetry,encode,2,1024,72452
BATCH,roo_proto,telemetry,encode,3,1024,72452
BATCH,roo_proto,telemetry,encode,4,1024,72452
BATCH,roo_proto,telemetry,encode,5,1024,72452
BATCH,roo_proto,telemetry,encode,6,1024,72452
BATCH,roo_proto,telemetry,encode,7,1024,72452
BATCH,roo_proto,telemetry,encode,8,1024,72452
BATCH,roo_proto,telemetry,encode,9,1024,72452
RESULT,roo_proto,telemetry,encode,347,464,1024,70.7539,70.7539,70.7539,7d64bf48
BATCH,roo_proto,telemetry,decode,1,1024,70930
BATCH,roo_proto,telemetry,decode,2,1024,70930
BATCH,roo_proto,telemetry,decode,3,1024,70930
BATCH,roo_proto,telemetry,decode,4,1024,70930
BATCH,roo_proto,telemetry,decode,5,1024,70930
BATCH,roo_proto,telemetry,decode,6,1024,70930
BATCH,roo_proto,telemetry,decode,7,1024,70930
BATCH,roo_proto,telemetry,decode,8,1024,70930
BATCH,roo_proto,telemetry,decode,9,1024,70930
RESULT,roo_proto,telemetry,decode,347,464,1024,69.2676,69.2676,69.2676,7d64bf48
BATCH,roo_proto,wide_tree,encode,1,256,49056
BATCH,roo_proto,wide_tree,encode,2,256,49056
BATCH,roo_proto,wide_tree,encode,3,256,49056
BATCH,roo_proto,wide_tree,encode,4,256,49056
BATCH,roo_proto,wide_tree,encode,5,256,49056
BATCH,roo_proto,wide_tree,encode,6,256,49056
BATCH,roo_proto,wide_tree,encode,7,256,49056
BATCH,roo_proto,wide_tree,encode,8,256,49056
BATCH,roo_proto,wide_tree,encode,9,256,49056
RESULT,roo_proto,wide_tree,encode,643,656,256,191.6250,191.6250,191.6250,354c0cbb
BATCH,roo_proto,wide_tree,decode,1,256,64461
BATCH,roo_proto,wide_tree,decode,2,256,64461
BATCH,roo_proto,wide_tree,decode,3,256,64461
BATCH,roo_proto,wide_tree,decode,4,256,64461
BATCH,roo_proto,wide_tree,decode,5,256,64461
BATCH,roo_proto,wide_tree,decode,6,256,64461
BATCH,roo_proto,wide_tree,decode,7,256,64461
BATCH,roo_proto,wide_tree,decode,8,256,64461
BATCH,roo_proto,wide_tree,decode,9,256,64461
RESULT,roo_proto,wide_tree,decode,643,656,256,251.8008,251.8008,251.8008,354c0cbb
BATCH,roo_proto,chain_1,encode,1,8192,60346
BATCH,roo_proto,chain_1,encode,2,8192,60346
BATCH,roo_proto,chain_1,encode,3,8192,60346
BATCH,roo_proto,chain_1,encode,4,8192,60346
BATCH,roo_proto,chain_1,encode,5,8192,60346
BATCH,roo_proto,chain_1,encode,6,8192,60346
BATCH,roo_proto,chain_1,encode,7,8192,60346
BATCH,roo_proto,chain_1,encode,8,8192,60346
BATCH,roo_proto,chain_1,encode,9,8192,60346
RESULT,roo_proto,chain_1,encode,20,32,8192,7.3665,7.3665,7.3665,1d187e32
BATCH,roo_proto,chain_1,decode,1,8192,69716
BATCH,roo_proto,chain_1,decode,2,8192,69716
BATCH,roo_proto,chain_1,decode,3,8192,69716
BATCH,roo_proto,chain_1,decode,4,8192,69716
BATCH,roo_proto,chain_1,decode,5,8192,69716
BATCH,roo_proto,chain_1,decode,6,8192,69716
BATCH,roo_proto,chain_1,decode,7,8192,69716
BATCH,roo_proto,chain_1,decode,8,8192,69716
BATCH,roo_proto,chain_1,decode,9,8192,69716
RESULT,roo_proto,chain_1,decode,20,32,8192,8.5103,8.5103,8.5103,1d187e32
BATCH,roo_proto,chain_4,encode,1,4096,51119
BATCH,roo_proto,chain_4,encode,2,4096,51119
BATCH,roo_proto,chain_4,encode,3,4096,51119
BATCH,roo_proto,chain_4,encode,4,4096,51119
BATCH,roo_proto,chain_4,encode,5,4096,51119
BATCH,roo_proto,chain_4,encode,6,4096,51119
BATCH,roo_proto,chain_4,encode,7,4096,51119
BATCH,roo_proto,chain_4,encode,8,4096,51119
BATCH,roo_proto,chain_4,encode,9,4096,51119
RESULT,roo_proto,chain_4,encode,32,80,4096,12.4802,12.4802,12.4802,4284c5db
BATCH,roo_proto,chain_4,decode,1,4096,70623
BATCH,roo_proto,chain_4,decode,2,4096,70623
BATCH,roo_proto,chain_4,decode,3,4096,70623
BATCH,roo_proto,chain_4,decode,4,4096,70623
BATCH,roo_proto,chain_4,decode,5,4096,70623
BATCH,roo_proto,chain_4,decode,6,4096,70623
BATCH,roo_proto,chain_4,decode,7,4096,70623
BATCH,roo_proto,chain_4,decode,8,4096,70623
BATCH,roo_proto,chain_4,decode,9,4096,70623
RESULT,roo_proto,chain_4,decode,32,80,4096,17.2419,17.2419,17.2419,4284c5db
BATCH,roo_proto,chain_8,encode,1,4096,78766
BATCH,roo_proto,chain_8,encode,2,4096,78766
BATCH,roo_proto,chain_8,encode,3,4096,78766
BATCH,roo_proto,chain_8,encode,4,4096,78766
BATCH,roo_proto,chain_8,encode,5,4096,78766
BATCH,roo_proto,chain_8,encode,6,4096,78766
BATCH,roo_proto,chain_8,encode,7,4096,78766
BATCH,roo_proto,chain_8,encode,8,4096,78766
BATCH,roo_proto,chain_8,encode,9,4096,78766
RESULT,roo_proto,chain_8,encode,48,144,4096,19.2300,19.2300,19.2300,fe2be308
BATCH,roo_proto,chain_8,decode,1,2048,59010
BATCH,roo_proto,chain_8,decode,2,2048,59010
BATCH,roo_proto,chain_8,decode,3,2048,59010
BATCH,roo_proto,chain_8,decode,4,2048,59010
BATCH,roo_proto,chain_8,decode,5,2048,59010
BATCH,roo_proto,chain_8,decode,6,2048,59010
BATCH,roo_proto,chain_8,decode,7,2048,59010
BATCH,roo_proto,chain_8,decode,8,2048,59010
BATCH,roo_proto,chain_8,decode,9,2048,59010
RESULT,roo_proto,chain_8,decode,48,144,2048,28.8135,28.8135,28.8135,fe2be308
BATCH,roo_proto,chain_16,encode,1,2048,66144
BATCH,roo_proto,chain_16,encode,2,2048,66144
BATCH,roo_proto,chain_16,encode,3,2048,66144
BATCH,roo_proto,chain_16,encode,4,2048,66144
BATCH,roo_proto,chain_16,encode,5,2048,66144
BATCH,roo_proto,chain_16,encode,6,2048,66144
BATCH,roo_proto,chain_16,encode,7,2048,66144
BATCH,roo_proto,chain_16,encode,8,2048,66144
BATCH,roo_proto,chain_16,encode,9,2048,66144
RESULT,roo_proto,chain_16,encode,80,272,2048,32.2969,32.2969,32.2969,33a92b08
BATCH,roo_proto,chain_16,decode,1,1024,53240
BATCH,roo_proto,chain_16,decode,2,1024,53240
BATCH,roo_proto,chain_16,decode,3,1024,53240
BATCH,roo_proto,chain_16,decode,4,1024,53240
BATCH,roo_proto,chain_16,decode,5,1024,53240
BATCH,roo_proto,chain_16,decode,6,1024,53240
BATCH,roo_proto,chain_16,decode,7,1024,53240
BATCH,roo_proto,chain_16,decode,8,1024,53240
BATCH,roo_proto,chain_16,decode,9,1024,53240
RESULT,roo_proto,chain_16,decode,80,272,1024,51.9922,51.9922,51.9922,33a92b08
END,roo_proto,checksum=94458105,stack_free_bytes=28620
